// Jest Snapshot v1, https://goo.gl/fbAQLP

exports[`Test Option in select component render a Option in select component 1`] = `
<Option
  display="display"
  value="value1"
>
  <option
    value="value1"
  >
    display
  </option>
</Option>
`;

exports[`Test select component render a select component 1`] = `
<Select
  onChange={
    [MockFunction] {
      "calls": Array [
        Array [
          1,
        ],
      ],
    }
  }
  options={
    Array [
      Object {
        "display": "display1",
        "value": "value1",
      },
    ]
  }
>
  <select
    onChange={[Function]}
  >
    <Option
      display="---"
      key=""
      value=""
    >
      <option
        value=""
      >
        ---
      </option>
    </Option>
    <Option
      display="display1"
      key="value1"
      value="value1"
    >
      <option
        value="value1"
      >
        display1
      </option>
    </Option>
  </select>
</Select>
`;
