// Jest Snapshot v1, https://goo.gl/fbAQLP

exports[`Test inline loading component render a inline loading component 1`] = `
<MessagesList>
  <ul
    className="messages"
  >
    <MessageBar
      key="1"
    >
      <li
        className="messages__text "
      >
        <div
          className="messages__inner"
        >
          <p
            className="messages__copy"
          />
        </div>
      </li>
    </MessageBar>
  </ul>
</MessagesList>
`;
