// Jest Snapshot v1, https://goo.gl/fbAQLP

exports[`Test General info Container Should render General info without issues 1`] = `
<Provider
  store={
    Object {
      "clearActions": [Function],
      "dispatch": [Function],
      "getActions": [Function],
      "getState": [Function],
      "replaceReducer": [Function],
      "subscribe": [Function],
    }
  }
>
  <GeneralInfoContainer
    initializeAction={
      [MockFunction] {
        "calls": Array [
          Array [],
        ],
      }
    }
  />
</Provider>
`;
