// Jest Snapshot v1, https://goo.gl/fbAQLP

exports[`Test Side bar component render a side bar component 1`] = `
<SidebarBlock
  title="title text"
>
  <div
    className="sidebar-block"
  >
    <h5>
      title text
    </h5>
    <span>
      Children
    </span>
    <div
      className="partition"
    >
      Â 
    </div>
  </div>
</SidebarBlock>
`;
