// Jest Snapshot v1, https://goo.gl/fbAQLP

exports[`Test Slide out left component render a Slide out left component 1`] = `
<SlideOutLeft>
  <Transition
    appear={false}
    enter={true}
    exit={true}
    in={false}
    mountOnEnter={false}
    onEnter={[Function]}
    onEntered={[Function]}
    onEntering={[Function]}
    onExit={[Function]}
    onExited={[Function]}
    onExiting={[Function]}
    timeout={250}
    unmountOnExit={false}
  >
    <div
      style={
        Object {
          "position": "absolute",
          "transform": "translate3d(0, 0, 0)",
          "transition": "transform 250ms ease-in-out",
          "width": "100%",
        }
      }
    >
      <span>
        Children
      </span>
    </div>
  </Transition>
</SlideOutLeft>
`;
